
   FAIL  Tests\Feature\ChangePasswordTest
  Ô¿» user can change password
  Ô¿» user cannot change password with incorrect current password
  Ô¿» user cannot change password with mismatched confirmation
  ÔöÇÔöÇÔöÇÔöÇÔöÇÔöÇÔöÇÔöÇÔöÇÔöÇÔöÇÔöÇÔöÇÔöÇÔöÇÔöÇÔöÇÔöÇÔöÇÔöÇÔöÇÔöÇÔöÇÔöÇÔöÇÔöÇÔöÇÔöÇÔöÇÔöÇÔöÇÔöÇÔöÇÔöÇÔöÇÔöÇÔöÇÔöÇÔöÇÔöÇÔöÇÔöÇÔöÇÔöÇÔöÇÔöÇÔöÇÔöÇÔöÇÔöÇÔöÇÔöÇÔöÇÔöÇÔöÇÔöÇÔöÇÔöÇÔöÇÔöÇÔöÇÔöÇÔöÇÔöÇÔöÇÔöÇÔöÇÔöÇÔöÇÔöÇÔöÇÔöÇÔöÇÔöÇÔöÇÔöÇ  
   FAILED  Tests\Feature\ChangePasswordTest > user can changÔÇª  QueryException   
  could not find driver (Connection: mysql, SQL: select exists (select 1 from information_schema.tables where table_schema = schema() and table_name = 'migrations' and table_type in ('BASE TABLE', 'SYSTEM VERSIONED')) as `exists`)

  at vendor/laravel/framework/src/Illuminate/Database/Connection.php:824
    820Ôûò                     $this->getName(), $query, $this->prepareBindings($bindings), $e
    821Ôûò                 );
    822Ôûò             }
    823Ôûò 
  Ô×£ 824Ôûò             throw new QueryException(
    825Ôûò                 $this->getName(), $query, $this->prepareBindings($bindings), $e
    826Ôûò             );
    827Ôûò         }
    828Ôûò     }


  ÔöÇÔöÇÔöÇÔöÇÔöÇÔöÇÔöÇÔöÇÔöÇÔöÇÔöÇÔöÇÔöÇÔöÇÔöÇÔöÇÔöÇÔöÇÔöÇÔöÇÔöÇÔöÇÔöÇÔöÇÔöÇÔöÇÔöÇÔöÇÔöÇÔöÇÔöÇÔöÇÔöÇÔöÇÔöÇÔöÇÔöÇÔöÇÔöÇÔöÇÔöÇÔöÇÔöÇÔöÇÔöÇÔöÇÔöÇÔöÇÔöÇÔöÇÔöÇÔöÇÔöÇÔöÇÔöÇÔöÇÔöÇÔöÇÔöÇÔöÇÔöÇÔöÇÔöÇÔöÇÔöÇÔöÇÔöÇÔöÇÔöÇÔöÇÔöÇÔöÇÔöÇÔöÇÔöÇÔöÇ  
   FAILED  Tests\Feature\ChangePasswordTest > user cannot chÔÇª  QueryException   
  could not find driver (Connection: mysql, SQL: select exists (select 1 from information_schema.tables where table_schema = schema() and table_name = 'migrations' and table_type in ('BASE TABLE', 'SYSTEM VERSIONED')) as `exists`)

  at vendor/laravel/framework/src/Illuminate/Database/Connection.php:824
    820Ôûò                     $this->getName(), $query, $this->prepareBindings($bindings), $e
    821Ôûò                 );
    822Ôûò             }
    823Ôûò 
  Ô×£ 824Ôûò             throw new QueryException(
    825Ôûò                 $this->getName(), $query, $this->prepareBindings($bindings), $e
    826Ôûò             );
    827Ôûò         }
    828Ôûò     }


  ÔöÇÔöÇÔöÇÔöÇÔöÇÔöÇÔöÇÔöÇÔöÇÔöÇÔöÇÔöÇÔöÇÔöÇÔöÇÔöÇÔöÇÔöÇÔöÇÔöÇÔöÇÔöÇÔöÇÔöÇÔöÇÔöÇÔöÇÔöÇÔöÇÔöÇÔöÇÔöÇÔöÇÔöÇÔöÇÔöÇÔöÇÔöÇÔöÇÔöÇÔöÇÔöÇÔöÇÔöÇÔöÇÔöÇÔöÇÔöÇÔöÇÔöÇÔöÇÔöÇÔöÇÔöÇÔöÇÔöÇÔöÇÔöÇÔöÇÔöÇÔöÇÔöÇÔöÇÔöÇÔöÇÔöÇÔöÇÔöÇÔöÇÔöÇÔöÇÔöÇÔöÇÔöÇÔöÇÔöÇ  
   FAILED  Tests\Feature\ChangePasswordTest > user cannot chÔÇª  QueryException   
  could not find driver (Connection: mysql, SQL: select exists (select 1 from information_schema.tables where table_schema = schema() and table_name = 'migrations' and table_type in ('BASE TABLE', 'SYSTEM VERSIONED')) as `exists`)

  at vendor/laravel/framework/src/Illuminate/Database/Connection.php:824
    820Ôûò                     $this->getName(), $query, $this->prepareBindings($bindings), $e
    821Ôûò                 );
    822Ôûò             }
    823Ôûò 
  Ô×£ 824Ôûò             throw new QueryException(
    825Ôûò                 $this->getName(), $query, $this->prepareBindings($bindings), $e
    826Ôûò             );
    827Ôûò         }
    828Ôûò     }



  Tests:    3 failed (0 assertions)
  Duration: 0.19s

